// Jest Snapshot v1, https://goo.gl/fbAQLP

exports[`renders without crashing 1`] = `
ShallowWrapper {
  "length": 1,
  Symbol(enzyme.__root__): [Circular],
  Symbol(enzyme.__unrendered__): <Bookshelf
    books={
        Array [
            Object {
              "authors": Array [
                "Santos, Guilherme",
              ],
              "shelf": "read",
              "title": "My Book",
            },
          ]
    }
    onUpdateBook={[Function]}
    title="Read"
/>,
  Symbol(enzyme.__renderer__): Object {
    "batchedUpdates": [Function],
    "getNode": [Function],
    "render": [Function],
    "simulateEvent": [Function],
    "unmount": [Function],
  },
  Symbol(enzyme.__node__): Object {
    "instance": null,
    "key": null,
    "nodeType": "host",
    "props": Object {
      "children": Array [
        <h2
          className="bookshelf-title"
>
          Read (1)
</h2>,
        <div
          className="bookshelf-books"
>
          <ol
                    className="books-grid"
          >
                    <li>
                              <Book
                                        book={
                                                  Object {
                                                            "authors": Array [
                                                              "Santos, Guilherme",
                                                            ],
                                                            "shelf": "read",
                                                            "title": "My Book",
                                                          }
                                        }
                                        onUpdateBook={[Function]}
                              />
                    </li>
          </ol>
</div>,
      ],
      "className": "bookshelf",
    },
    "ref": null,
    "rendered": Array [
      Object {
        "instance": null,
        "key": null,
        "nodeType": "host",
        "props": Object {
          "children": "Read (1)",
          "className": "bookshelf-title",
        },
        "ref": null,
        "rendered": "Read (1)",
        "type": "h2",
      },
      Object {
        "instance": null,
        "key": null,
        "nodeType": "host",
        "props": Object {
          "children": <ol
            className="books-grid"
>
            <li>
                        <Book
                                    book={
                                                Object {
                                                            "authors": Array [
                                                              "Santos, Guilherme",
                                                            ],
                                                            "shelf": "read",
                                                            "title": "My Book",
                                                          }
                                    }
                                    onUpdateBook={[Function]}
                        />
            </li>
</ol>,
          "className": "bookshelf-books",
        },
        "ref": null,
        "rendered": Object {
          "instance": null,
          "key": null,
          "nodeType": "host",
          "props": Object {
            "children": Array [
              <li>
                <Book
                                book={
                                                Object {
                                                                "authors": Array [
                                                                  "Santos, Guilherme",
                                                                ],
                                                                "shelf": "read",
                                                                "title": "My Book",
                                                              }
                                }
                                onUpdateBook={[Function]}
                />
</li>,
            ],
            "className": "books-grid",
          },
          "ref": null,
          "rendered": Array [
            Object {
              "instance": null,
              "key": "0",
              "nodeType": "host",
              "props": Object {
                "children": <Book
                  book={
                                    Object {
                                                      "authors": Array [
                                                        "Santos, Guilherme",
                                                      ],
                                                      "shelf": "read",
                                                      "title": "My Book",
                                                    }
                  }
                  onUpdateBook={[Function]}
/>,
              },
              "ref": null,
              "rendered": Object {
                "instance": null,
                "key": null,
                "nodeType": "class",
                "props": Object {
                  "book": Object {
                    "authors": Array [
                      "Santos, Guilherme",
                    ],
                    "shelf": "read",
                    "title": "My Book",
                  },
                  "onUpdateBook": [Function],
                },
                "ref": null,
                "rendered": null,
                "type": [Function],
              },
              "type": "li",
            },
          ],
          "type": "ol",
        },
        "type": "div",
      },
    ],
    "type": "div",
  },
  Symbol(enzyme.__nodes__): Array [
    Object {
      "instance": null,
      "key": null,
      "nodeType": "host",
      "props": Object {
        "children": Array [
          <h2
            className="bookshelf-title"
>
            Read (1)
</h2>,
          <div
            className="bookshelf-books"
>
            <ol
                        className="books-grid"
            >
                        <li>
                                    <Book
                                                book={
                                                            Object {
                                                                        "authors": Array [
                                                                          "Santos, Guilherme",
                                                                        ],
                                                                        "shelf": "read",
                                                                        "title": "My Book",
                                                                      }
                                                }
                                                onUpdateBook={[Function]}
                                    />
                        </li>
            </ol>
</div>,
        ],
        "className": "bookshelf",
      },
      "ref": null,
      "rendered": Array [
        Object {
          "instance": null,
          "key": null,
          "nodeType": "host",
          "props": Object {
            "children": "Read (1)",
            "className": "bookshelf-title",
          },
          "ref": null,
          "rendered": "Read (1)",
          "type": "h2",
        },
        Object {
          "instance": null,
          "key": null,
          "nodeType": "host",
          "props": Object {
            "children": <ol
              className="books-grid"
>
              <li>
                            <Book
                                          book={
                                                        Object {
                                                                      "authors": Array [
                                                                        "Santos, Guilherme",
                                                                      ],
                                                                      "shelf": "read",
                                                                      "title": "My Book",
                                                                    }
                                          }
                                          onUpdateBook={[Function]}
                            />
              </li>
</ol>,
            "className": "bookshelf-books",
          },
          "ref": null,
          "rendered": Object {
            "instance": null,
            "key": null,
            "nodeType": "host",
            "props": Object {
              "children": Array [
                <li>
                  <Book
                                    book={
                                                      Object {
                                                                        "authors": Array [
                                                                          "Santos, Guilherme",
                                                                        ],
                                                                        "shelf": "read",
                                                                        "title": "My Book",
                                                                      }
                                    }
                                    onUpdateBook={[Function]}
                  />
</li>,
              ],
              "className": "books-grid",
            },
            "ref": null,
            "rendered": Array [
              Object {
                "instance": null,
                "key": "0",
                "nodeType": "host",
                "props": Object {
                  "children": <Book
                    book={
                                        Object {
                                                            "authors": Array [
                                                              "Santos, Guilherme",
                                                            ],
                                                            "shelf": "read",
                                                            "title": "My Book",
                                                          }
                    }
                    onUpdateBook={[Function]}
/>,
                },
                "ref": null,
                "rendered": Object {
                  "instance": null,
                  "key": null,
                  "nodeType": "class",
                  "props": Object {
                    "book": Object {
                      "authors": Array [
                        "Santos, Guilherme",
                      ],
                      "shelf": "read",
                      "title": "My Book",
                    },
                    "onUpdateBook": [Function],
                  },
                  "ref": null,
                  "rendered": null,
                  "type": [Function],
                },
                "type": "li",
              },
            ],
            "type": "ol",
          },
          "type": "div",
        },
      ],
      "type": "div",
    },
  ],
  Symbol(enzyme.__options__): Object {
    "adapter": ReactSixteenAdapter {
      "options": Object {
        "enableComponentDidUpdateOnSetState": true,
      },
    },
  },
}
`;
